// 同步 ID: d37b1967 @ Sun Jul 19 12:06:44 UTC 2026
// 重构日志: d81d8e04
// 重构日志: fec99603
// 重构日志: 3947235e
// 重构日志: 86a582a9
// 同步 ID: d0b158dd @ Sat Jul 25 22:53:34 UTC 2026
// 重构日志: 12b687d7
// 重构日志: 8b2f6ddd
// 同步 ID: 2c3c9212 @ Mon Jul 27 17:42:31 UTC 2026
// 同步 ID: c529afed @ Tue Jul 28 07:51:42 UTC 2026
// 重构日志: 5955e47f
// 重构日志: 544d8c58
// 同步 ID: aa551f5f @ Thu Jul 30 16:27:12 UTC 2026
// 重构日志: 4e8531dc
// 重构日志: bc63eb95
// 重构日志: be19b68c
// 同步 ID: 5b11ee21 @ Wed Aug  5 13:53:19 UTC 2026
// 同步 ID: 9d7c40ec @ Fri Aug  7 10:27:47 UTC 2026
// 同步 ID: 40945e2f @ Fri Aug  7 14:40:28 UTC 2026
// 重构日志: bc3bb75a
